I'm sorry, but errors were detected in your script. Please correct the
errors listed below, and try again.


File "game/script.rpy", line 159: Line is indented, but the preceding show statement statement does not expect a block. Please check this line's indentation. You may have forgotten a colon (:).
    e "See no matter what u do, your house would have collaped"
    ^

Ren'Py Version: Ren'Py 8.3.7.25031702
Sun Sep 28 07:41:18 2025
